[13:34:48] [ServerMain/INFO]: [bootstrap] Running Java 21 (OpenJDK 64-Bit Server VM 21.0.10+7-LTS; Eclipse Adoptium Temurin-21.0.10+7) on Linux 6.17.0-1008-azure (amd64)
[13:34:48] [ServerMain/INFO]: [bootstrap] Loading Paper 1.21.11-91-main@a0f626b (2026-01-09T18:51:51Z) for Minecraft 1.21.11
[13:34:48] [ServerMain/INFO]: [PluginInitializerManager] Initializing plugins...
[13:34:49] [Paper Plugin Remapper Thread - 1/INFO]: [ReobfServer] Remapping server...
[13:34:57] [Paper Plugin Remapper Thread - 1/INFO]: [ReobfServer] Done remapping server in 7822ms.
[13:34:57] [Paper Plugin Remapper Thread - 3/INFO]: [PluginRemapper] Remapping plugin 'plugins/multiverse-core-5.3.0.jar'...
[13:34:57] [Paper Plugin Remapper Thread - 2/INFO]: [PluginRemapper] Remapping plugin 'plugins/KeepChunks-1.7.3.jar'...
[13:34:57] [Paper Plugin Remapper Thread - 4/INFO]: [PluginRemapper] Remapping plugin 'plugins/multiverse-inventories-5.1.3.jar'...
[13:34:57] [Paper Plugin Remapper Thread - 1/INFO]: [PluginRemapper] Remapping plugin 'plugins/PVDC-2.3.3.jar'...
[13:34:57] [Paper Plugin Remapper Thread - 2/INFO]: [PluginRemapper] Done remapping plugin 'plugins/KeepChunks-1.7.3.jar' in 298ms.
[13:34:57] [Paper Plugin Remapper Thread - 2/INFO]: [PluginRemapper] Remapping plugin 'plugins/DummyPlayers-1.0-reobf.jar'...
[13:34:57] [Paper Plugin Remapper Thread - 1/INFO]: [PluginRemapper] Done remapping plugin 'plugins/PVDC-2.3.3.jar' in 335ms.
[13:34:57] [Paper Plugin Remapper Thread - 1/INFO]: [PluginRemapper] Remapping plugin 'plugins/NotTooExpensive.jar'...
[13:34:57] [Paper Plugin Remapper Thread - 1/INFO]: [PluginRemapper] Done remapping plugin 'plugins/NotTooExpensive.jar' in 133ms.
[13:34:57] [Paper Plugin Remapper Thread - 1/INFO]: [PluginRemapper] Remapping plugin 'plugins/playit-minecraft-plugin.jar'...
[13:34:57] [Paper Plugin Remapper Thread - 2/INFO]: [PluginRemapper] Done remapping plugin 'plugins/DummyPlayers-1.0-reobf.jar' in 176ms.
[13:34:57] [Paper Plugin Remapper Thread - 2/INFO]: [PluginRemapper] Remapping plugin 'plugins/scheduledstop-1.0.0.jar'...
[13:34:58] [Paper Plugin Remapper Thread - 2/INFO]: [PluginRemapper] Done remapping plugin 'plugins/scheduledstop-1.0.0.jar' in 123ms.
[13:34:58] [Paper Plugin Remapper Thread - 4/INFO]: [PluginRemapper] Done remapping plugin 'plugins/multiverse-inventories-5.1.3.jar' in 812ms.
[13:34:58] [Paper Plugin Remapper Thread - 1/INFO]: [PluginRemapper] Done remapping plugin 'plugins/playit-minecraft-plugin.jar' in 935ms.
